MPLINK 5.08, LINKER
Linker Map File - Created Fri Nov 13 11:38:38 2015

                                 Section Info
                  Section       Type    Address   Location Size(Bytes)
                ---------  ---------  ---------  ---------  ---------
                    BEGIN       code   0x000000    program   0x000004
                   .cinit    romdata   0x000004    program   0x000002
                INTERRUPT       code   0x000018    program   0x000006
                     MAIN       code   0x000100    program   0x000010
                     TMOV       code   0x000200    program   0x00002c
                    .code       code   0x000300    program   0x00002a
.config_300001_BUILD/DEFAULT/PRODUCTION/INITIAL    romdata   0x300001    program   0x000001
.config_300003_BUILD/DEFAULT/PRODUCTION/INITIAL    romdata   0x300003    program   0x000001
.config_300006_BUILD/DEFAULT/PRODUCTION/INITIAL    romdata   0x300006    program   0x000001



                              Program Memory Usage 
                               Start         End      
                           ---------   ---------      
                            0x000000    0x000005      
                            0x000018    0x00001d      
                            0x000100    0x00010f      
                            0x000200    0x00022b      
                            0x000300    0x000329      
                            0x300001    0x300001      
                            0x300003    0x300003      
                            0x300006    0x300006      
            117 out of 4376 program addresses used, program memory utilization is 2%



                              Symbols - Sorted by Name
                     Name    Address   Location    Storage File                     
                ---------  ---------  ---------  --------- ---------                
                  DISABLE   0x000322    program     extern C:\Users\marie_000\OneDrive\Documents\Work stuff\270CarProject\3WheelCar.X\Initialize.asm
               INITIALIZE   0x000300    program     extern C:\Users\marie_000\OneDrive\Documents\Work stuff\270CarProject\3WheelCar.X\Initialize.asm
                   LRTEST   0x000226    program     static C:\Users\marie_000\OneDrive\Documents\Work stuff\270CarProject\3WheelCar.X\TimedMove.asm
                   RRTEST   0x00021c    program     static C:\Users\marie_000\OneDrive\Documents\Work stuff\270CarProject\3WheelCar.X\TimedMove.asm
                    Start   0x000100    program     static C:\Users\marie_000\OneDrive\Documents\Work stuff\270CarProject\3WheelCar.X\main.asm
                    TMOVE   0x000200    program     extern C:\Users\marie_000\OneDrive\Documents\Work stuff\270CarProject\3WheelCar.X\TimedMove.asm
                     Wait   0x00010e    program     static C:\Users\marie_000\OneDrive\Documents\Work stuff\270CarProject\3WheelCar.X\main.asm



                              Symbols - Sorted by Address
                     Name    Address   Location    Storage File                     
                ---------  ---------  ---------  --------- ---------                
                    Start   0x000100    program     static C:\Users\marie_000\OneDrive\Documents\Work stuff\270CarProject\3WheelCar.X\main.asm
                     Wait   0x00010e    program     static C:\Users\marie_000\OneDrive\Documents\Work stuff\270CarProject\3WheelCar.X\main.asm
                    TMOVE   0x000200    program     extern C:\Users\marie_000\OneDrive\Documents\Work stuff\270CarProject\3WheelCar.X\TimedMove.asm
                   RRTEST   0x00021c    program     static C:\Users\marie_000\OneDrive\Documents\Work stuff\270CarProject\3WheelCar.X\TimedMove.asm
                   LRTEST   0x000226    program     static C:\Users\marie_000\OneDrive\Documents\Work stuff\270CarProject\3WheelCar.X\TimedMove.asm
               INITIALIZE   0x000300    program     extern C:\Users\marie_000\OneDrive\Documents\Work stuff\270CarProject\3WheelCar.X\Initialize.asm
                  DISABLE   0x000322    program     extern C:\Users\marie_000\OneDrive\Documents\Work stuff\270CarProject\3WheelCar.X\Initialize.asm


